Host	LocationId	MasterCompanyId	PolicyCompanyId	State	ClassCode	Code	SortOrder	Description	AcordCd	EffectiveDate	ExpirationDate	GeneratedInd	ActionCd	EmployerClassTypeCd
PT	00	02	02	MA	5403	01	0	CARPENTRY NOC		1/1/1970 12:00:00 AM	5/1/2017 12:00:00 AM			


 git remote add origin "https://github.com/prayal/git-github.git"
----------------
panka@PANKAJ_LAPTOP MINGW64 /e/Learning/GithubGitDemos (master)
$ git pull origin master
remote: Counting objects: 3, done.
remote: Total 3 (delta 0), reused 0 (delta 0), pack-reused 0
Unpacking objects: 100% (3/3), done.
From https://github.com/prayal/git-github
 * branch            master     -> FETCH_HEAD
 * [new branch]      master     -> origin/master

-----------------------------------------------
panka@PANKAJ_LAPTOP MINGW64 /e/Learning/GithubGitDemos (master)
$ git status
On branch master
Untracked files:
  (use "git add <file>..." to include in what will be committed)

        edu1.txt

nothing added to commit but untracked files present (use "git add" to track)

panka@PANKAJ_LAPTOP MINGW64 /e/Learning/GithubGitDemos (master)
$ git add edu1.txt
----------------------------------------

panka@PANKAJ_LAPTOP MINGW64 /e/Learning/GithubGitDemos (master)
$ git commit -m "Added Training command file"
[master 6223546] Added Training command file
 1 file changed, 16 insertions(+)
 create mode 100644 edu1.txt

panka@PANKAJ_LAPTOP MINGW64 /e/Learning/GithubGitDemos (master)
$
